[portwallet.globalskills.com.bd/index.html]
[backblue.gif]
[fade.gif]
[index.html]
[portwallet.globalskills.com.bd/css/bootstrap.min.css]
[portwallet.globalskills.com.bd/style.css]
[portwallet.globalskills.com.bd/images/logo_globalskills.png]
[portwallet.globalskills.com.bd/images/all-bank-img.png]
[portwallet.globalskills.com.bd/images/powered-by-portwallet.png]
[portwallet.globalskills.com.bd/js/bootstrap.min.js]
[code.jquery.com/jquery-1.10.2.min.js]
[portwallet.globalskills.com.bd/js/validator.min.js]
[portwallet.globalskills.com.bd/index.html]
[portwallet.globalskills.com.bd/css/bootstrap.min.css]
[portwallet.globalskills.com.bd/font/robotocondensed-regular-webfont.eot]
[portwallet.globalskills.com.bd/font/robotocondensed-regular-webfont-.eot]
[portwallet.globalskills.com.bd/font/robotocondensed-regular-webfont.woff2]
[portwallet.globalskills.com.bd/font/robotocondensed-regular-webfont.woff]
[portwallet.globalskills.com.bd/font/robotocondensed-regular-webfont.ttf]
[portwallet.globalskills.com.bd/font/Axiata Book-webfont.eot]
[portwallet.globalskills.com.bd/font/Axiata Book-webfont-.eot]
[portwallet.globalskills.com.bd/font/Axiata Book-webfont.woff2]
[portwallet.globalskills.com.bd/font/Axiata Book-webfont.woff]
[portwallet.globalskills.com.bd/font/Axiata Book-webfont.ttf]
[portwallet.globalskills.com.bd/font/Axiata Book-webfont.svg]
[portwallet.globalskills.com.bd/images/checkradio.png]
[portwallet.globalskills.com.bd/style.css]
[portwallet.globalskills.com.bd/fonts/glyphicons-halflings-regular.eot.html]
[portwallet.globalskills.com.bd/fonts/glyphicons-halflings-regular.eot-.html]
[portwallet.globalskills.com.bd/fonts/glyphicons-halflings-regular.woff2.html]
[portwallet.globalskills.com.bd/fonts/glyphicons-halflings-regular.woff.html]
[portwallet.globalskills.com.bd/fonts/glyphicons-halflings-regular.ttf.html]
[portwallet.globalskills.com.bd/fonts/glyphicons-halflings-regular.svg.html]
[portwallet.globalskills.com.bd/font/Axiata Book-webfont.svg]
